17:47:08 **** Incremental Build of configuration Debug for project TIMER ****
make -j8 all 
arm-none-eabi-gcc "../Core/Src/fsm_manual.c" -mcpu=cortex-m3 -std=gnu11 -g3 -DDEBUG -DUSE_HAL_DRIVER -DSTM32F103x6 -c -I../Core/Inc -I../Drivers/STM32F1xx_HAL_Driver/Inc -I../Drivers/STM32F1xx_HAL_Driver/Inc/Legacy -I../Drivers/CMSIS/Device/ST/STM32F1xx/Include -I../Drivers/CMSIS/Include -O0 -ffunction-sections -fdata-sections -Wall -fstack-usage -MMD -MP -MF"Core/Src/fsm_manual.d" -MT"Core/Src/fsm_manual.o" --specs=nano.specs -mfloat-abi=soft -mthumb -o "Core/Src/fsm_manual.o"
arm-none-eabi-gcc -o "TIMER.elf" @"objects.list"   -mcpu=cortex-m3 -T"C:\Users\Hong Phat\Desktop\LAB2 MCU\TIMER\STM32F103C6UX_FLASH.ld" --specs=nosys.specs -Wl,-Map="TIMER.map" -Wl,--gc-sections -static --specs=nano.specs -mfloat-abi=soft -mthumb -Wl,--start-group -lc -lm -Wl,--end-group
Finished building target: TIMER.elf
 
arm-none-eabi-size   TIMER.elf 
arm-none-eabi-objdump -h -S  TIMER.elf  > "TIMER.list"
arm-none-eabi-objcopy  -O ihex  TIMER.elf  "TIMER.hex"
arm-none-eabi-objcopy  -O binary  TIMER.elf  "TIMER.bin"
   text	   data	    bss	    dec	    hex	filename
  11664	    112	   1704	  13480	   34a8	TIMER.elf
Finished building: default.size.stdout
 
Finished building: TIMER.hex
Finished building: TIMER.bin
 
 
Finished building: TIMER.list
 
